{
  "campaign_version": "crosslang-1",
  "library": "iyulab/u-nesting",
  "commit": "8cde85b029e4ade663185dacb93fd74440af170d",
  "language": "Rust",
  "toolchain": "rustc 1.98.0 (88d9e12ae 2026-08-18)",
  "algorithm": "BRKGA; repeated single-boundary adapter",
  "scenario": "b31_weight_infeasible",
  "capability_status": "ADAPTER_MULTI_BIN",
  "capability_note": "u-nesting accepts one Boundary3D; full THPACK9 is repeated single-boundary adapter calls",
  "parameters": {
    "decoder": "layer_place_items",
    "elite_bias_effective": 0.7,
    "elite_fraction_effective": 0.2,
    "max_generations_effective": 100,
    "mutant_fraction_effective": 0.15,
    "population_size_effective": 50,
    "rayon_num_threads_env": "1",
    "seed_applicable": true,
    "seed_effective": false,
    "seed_requested": 42,
    "strategy_requested": "brkga",
    "time_limit_effective": false,
    "time_limit_ms_requested_per_bin": 10000
  },
  "bins": [
    {
      "id": "pallet-light",
      "size": [
        1800.0,
        1200.0,
        1200.0
      ],
      "max_weight": 40.0,
      "cost": 1.0
    }
  ],
  "items": [
    {
      "id": "A:0",
      "size": [
        600.0,
        600.0,
        400.0
      ],
      "weight": 25.0,
      "orientation_requirement": "any"
    },
    {
      "id": "A:1",
      "size": [
        600.0,
        600.0,
        400.0
      ],
      "weight": 25.0,
      "orientation_requirement": "any"
    },
    {
      "id": "B:0",
      "size": [
        600.0,
        600.0,
        400.0
      ],
      "weight": 25.0,
      "orientation_requirement": "any"
    }
  ],
  "placements": [
    {
      "item_id": "A:1",
      "bin_id": "pallet-light",
      "position": [
        0.0,
        0.0,
        0.0
      ],
      "size": [
        400.0,
        600.0,
        600.0
      ],
      "original_size": [
        600.0,
        600.0,
        400.0
      ],
      "weight": 25.0,
      "rotation": "zyx",
      "rotation_index": 5
    }
  ],
  "unplaced": [
    "A:0",
    "B:0"
  ],
  "elapsed_ms": 0.5248670000000001
}
