{
  "campaign_version": "crosslang-1",
  "library": "iyulab/u-nesting",
  "commit": "8cde85b029e4ade663185dacb93fd74440af170d",
  "language": "Rust",
  "toolchain": "rustc 1.98.0 (88d9e12ae 2026-08-18)",
  "algorithm": "SimulatedAnnealing; repeated single-boundary adapter",
  "scenario": "b32_b32_stacked_order_bin-online-b:1",
  "capability_status": "ADAPTER_MULTI_BIN",
  "capability_note": "u-nesting accepts one Boundary3D; full THPACK9 is repeated single-boundary adapter calls",
  "parameters": {
    "cooling_rate_effective": 0.95,
    "decoder": "layer_place_items",
    "final_temperature_effective": 0.1,
    "initial_temperature_effective": 100.0,
    "iterations_per_temperature_effective": 50,
    "max_iterations_effective": 10000,
    "rayon_num_threads_env": "1",
    "seed_applicable": true,
    "seed_effective": false,
    "seed_requested": 42,
    "strategy_requested": "sa",
    "time_limit_effective": false,
    "time_limit_ms_requested_per_bin": 10000
  },
  "bins": [
    {
      "id": "bin-online-b:1",
      "size": [
        100.0,
        100.0,
        100.0
      ],
      "max_weight": 1000.0,
      "cost": 1.0
    }
  ],
  "items": [
    {
      "id": "s01",
      "size": [
        100.0,
        50.0,
        50.0
      ],
      "weight": 10.0,
      "orientation_requirement": "any"
    },
    {
      "id": "s04",
      "size": [
        100.0,
        50.0,
        50.0
      ],
      "weight": 10.0,
      "orientation_requirement": "any"
    },
    {
      "id": "s02",
      "size": [
        50.0,
        50.0,
        50.0
      ],
      "weight": 10.0,
      "orientation_requirement": "any"
    },
    {
      "id": "s03",
      "size": [
        50.0,
        50.0,
        50.0
      ],
      "weight": 10.0,
      "orientation_requirement": "any"
    }
  ],
  "placements": [
    {
      "item_id": "s03",
      "bin_id": "bin-online-b:1",
      "position": [
        0.0,
        0.0,
        0.0
      ],
      "size": [
        50.0,
        50.0,
        50.0
      ],
      "original_size": [
        50.0,
        50.0,
        50.0
      ],
      "weight": 10.0,
      "rotation": "zyx",
      "rotation_index": 5
    },
    {
      "item_id": "s01",
      "bin_id": "bin-online-b:1",
      "position": [
        0.0,
        50.0,
        0.0
      ],
      "size": [
        100.0,
        50.0,
        50.0
      ],
      "original_size": [
        100.0,
        50.0,
        50.0
      ],
      "weight": 10.0,
      "rotation": "xzy",
      "rotation_index": 1
    },
    {
      "item_id": "s02",
      "bin_id": "bin-online-b:1",
      "position": [
        0.0,
        0.0,
        50.0
      ],
      "size": [
        50.0,
        50.0,
        50.0
      ],
      "original_size": [
        50.0,
        50.0,
        50.0
      ],
      "weight": 10.0,
      "rotation": "zxy",
      "rotation_index": 4
    },
    {
      "item_id": "s04",
      "bin_id": "bin-online-b:1",
      "position": [
        0.0,
        50.0,
        50.0
      ],
      "size": [
        100.0,
        50.0,
        50.0
      ],
      "original_size": [
        100.0,
        50.0,
        50.0
      ],
      "weight": 10.0,
      "rotation": "xzy",
      "rotation_index": 1
    }
  ],
  "unplaced": [],
  "elapsed_ms": 2.9023999999999996
}
