{
  "campaign_version": "crosslang-1",
  "library": "gedex/bp3d",
  "commit": "0ba3dcda7ab334c19b0979b1cf1fa05e09f33bc7",
  "language": "Go",
  "toolchain": "go1.27.0",
  "algorithm": "pivot greedy",
  "scenario": "b12_rotation_forbidden",
  "capability_status": "SUPPORTED_NATIVE_MULTI_BIN",
  "capability_note": "THPACK9 multi-container BPP expressed with one physical Bin object per candidate container",
  "parameters": {
    "library_sort": "ascending bin volume / descending item volume",
    "physical_bin_objects": 1
  },
  "bins": [
    {
      "id": "0:0",
      "size": [
        4,
        3,
        2
      ],
      "max_weight": 100,
      "cost": 1
    }
  ],
  "items": [
    {
      "id": "0:0",
      "size": [
        3,
        2,
        4
      ],
      "weight": 1,
      "orientation_requirement": "any"
    }
  ],
  "placements": [
    {
      "item_id": "0:0",
      "bin_id": "0:0",
      "position": [
        0,
        0,
        0
      ],
      "size": [
        4,
        3,
        2
      ],
      "original_size": [
        3,
        2,
        4
      ],
      "weight": 1,
      "rotation": "RotationType_DWH (d,w,h)",
      "rotation_index": 4
    }
  ],
  "unplaced": [],
  "elapsed_ms": 0.001123
}
