{
  "campaign_version": "crosslang-1",
  "library": "iyulab/u-nesting",
  "commit": "8cde85b029e4ade663185dacb93fd74440af170d",
  "language": "Rust",
  "toolchain": "rustc 1.98.0 (88d9e12ae 2026-08-18)",
  "algorithm": "BottomLeftFill (Layer); repeated single-boundary adapter",
  "scenario": "reliability-axis_swap-8-1",
  "capability_status": "ADAPTER_MULTI_BIN",
  "capability_note": "u-nesting accepts one Boundary3D; full THPACK9 is repeated single-boundary adapter calls",
  "parameters": {
    "decoder": "layer/row",
    "rayon_num_threads_env": "1",
    "seed_applicable": false,
    "seed_effective": false,
    "seed_requested": 42,
    "strategy_requested": "bottomleftfill",
    "time_limit_effective": true,
    "time_limit_ms_requested_per_bin": 10000
  },
  "bins": [
    {
      "id": "bin-000",
      "size": [
        10.0,
        10.0,
        10.0
      ],
      "max_weight": 9.0,
      "cost": 1.0
    }
  ],
  "items": [
    {
      "id": "cube-0",
      "size": [
        5.0,
        5.0,
        5.0
      ],
      "weight": 1.0,
      "orientation_requirement": "any"
    },
    {
      "id": "cube-1",
      "size": [
        5.0,
        5.0,
        5.0
      ],
      "weight": 1.0,
      "orientation_requirement": "any"
    },
    {
      "id": "cube-2",
      "size": [
        5.0,
        5.0,
        5.0
      ],
      "weight": 1.0,
      "orientation_requirement": "any"
    },
    {
      "id": "cube-3",
      "size": [
        5.0,
        5.0,
        5.0
      ],
      "weight": 1.0,
      "orientation_requirement": "any"
    },
    {
      "id": "cube-4",
      "size": [
        5.0,
        5.0,
        5.0
      ],
      "weight": 1.0,
      "orientation_requirement": "any"
    },
    {
      "id": "cube-5",
      "size": [
        5.0,
        5.0,
        5.0
      ],
      "weight": 1.0,
      "orientation_requirement": "any"
    },
    {
      "id": "cube-6",
      "size": [
        5.0,
        5.0,
        5.0
      ],
      "weight": 1.0,
      "orientation_requirement": "any"
    },
    {
      "id": "cube-7",
      "size": [
        5.0,
        5.0,
        5.0
      ],
      "weight": 1.0,
      "orientation_requirement": "any"
    }
  ],
  "placements": [
    {
      "item_id": "cube-0",
      "bin_id": "bin-000",
      "position": [
        0.0,
        0.0,
        0.0
      ],
      "size": [
        5.0,
        5.0,
        5.0
      ],
      "original_size": [
        5.0,
        5.0,
        5.0
      ],
      "weight": 1.0,
      "rotation": "xyz",
      "rotation_index": 0
    },
    {
      "item_id": "cube-1",
      "bin_id": "bin-000",
      "position": [
        5.0,
        0.0,
        0.0
      ],
      "size": [
        5.0,
        5.0,
        5.0
      ],
      "original_size": [
        5.0,
        5.0,
        5.0
      ],
      "weight": 1.0,
      "rotation": "xyz",
      "rotation_index": 0
    },
    {
      "item_id": "cube-2",
      "bin_id": "bin-000",
      "position": [
        0.0,
        5.0,
        0.0
      ],
      "size": [
        5.0,
        5.0,
        5.0
      ],
      "original_size": [
        5.0,
        5.0,
        5.0
      ],
      "weight": 1.0,
      "rotation": "xyz",
      "rotation_index": 0
    },
    {
      "item_id": "cube-3",
      "bin_id": "bin-000",
      "position": [
        5.0,
        5.0,
        0.0
      ],
      "size": [
        5.0,
        5.0,
        5.0
      ],
      "original_size": [
        5.0,
        5.0,
        5.0
      ],
      "weight": 1.0,
      "rotation": "xyz",
      "rotation_index": 0
    },
    {
      "item_id": "cube-4",
      "bin_id": "bin-000",
      "position": [
        0.0,
        0.0,
        5.0
      ],
      "size": [
        5.0,
        5.0,
        5.0
      ],
      "original_size": [
        5.0,
        5.0,
        5.0
      ],
      "weight": 1.0,
      "rotation": "xyz",
      "rotation_index": 0
    },
    {
      "item_id": "cube-5",
      "bin_id": "bin-000",
      "position": [
        5.0,
        0.0,
        5.0
      ],
      "size": [
        5.0,
        5.0,
        5.0
      ],
      "original_size": [
        5.0,
        5.0,
        5.0
      ],
      "weight": 1.0,
      "rotation": "xyz",
      "rotation_index": 0
    },
    {
      "item_id": "cube-6",
      "bin_id": "bin-000",
      "position": [
        0.0,
        5.0,
        5.0
      ],
      "size": [
        5.0,
        5.0,
        5.0
      ],
      "original_size": [
        5.0,
        5.0,
        5.0
      ],
      "weight": 1.0,
      "rotation": "xyz",
      "rotation_index": 0
    },
    {
      "item_id": "cube-7",
      "bin_id": "bin-000",
      "position": [
        5.0,
        5.0,
        5.0
      ],
      "size": [
        5.0,
        5.0,
        5.0
      ],
      "original_size": [
        5.0,
        5.0,
        5.0
      ],
      "weight": 1.0,
      "rotation": "xyz",
      "rotation_index": 0
    }
  ],
  "unplaced": [],
  "elapsed_ms": 0.014348999999999999
}
