{
  "campaign_version": "crosslang-1",
  "library": "iyulab/u-nesting",
  "commit": "8cde85b029e4ade663185dacb93fd74440af170d",
  "language": "Rust",
  "toolchain": "rustc 1.98.0 (88d9e12ae 2026-08-18)",
  "algorithm": "BRKGA; repeated single-boundary adapter",
  "scenario": "b30_shelf_sequence",
  "capability_status": "ADAPTER_MULTI_BIN",
  "capability_note": "u-nesting accepts one Boundary3D; full THPACK9 is repeated single-boundary adapter calls",
  "parameters": {
    "decoder": "layer_place_items",
    "elite_bias_effective": 0.7,
    "elite_fraction_effective": 0.2,
    "max_generations_effective": 100,
    "mutant_fraction_effective": 0.15,
    "population_size_effective": 50,
    "rayon_num_threads_env": "1",
    "seed_applicable": true,
    "seed_effective": false,
    "seed_requested": 42,
    "strategy_requested": "brkga",
    "time_limit_effective": false,
    "time_limit_ms_requested_per_bin": 10000
  },
  "bins": [
    {
      "id": "bay-0",
      "size": [
        1200.0,
        2400.0,
        650.0
      ],
      "max_weight": 100000.0,
      "cost": 1.0
    }
  ],
  "items": [
    {
      "id": "product-14:0",
      "size": [
        734.0,
        536.0,
        402.0
      ],
      "weight": 1.0,
      "orientation_requirement": "any"
    },
    {
      "id": "product-14:1",
      "size": [
        734.0,
        536.0,
        402.0
      ],
      "weight": 1.0,
      "orientation_requirement": "any"
    }
  ],
  "placements": [
    {
      "item_id": "product-14:0",
      "bin_id": "bay-0",
      "position": [
        0.0,
        0.0,
        0.0
      ],
      "size": [
        402.0,
        734.0,
        536.0
      ],
      "original_size": [
        734.0,
        536.0,
        402.0
      ],
      "weight": 1.0,
      "rotation": "zxy",
      "rotation_index": 4
    },
    {
      "item_id": "product-14:1",
      "bin_id": "bay-0",
      "position": [
        402.0,
        0.0,
        0.0
      ],
      "size": [
        402.0,
        734.0,
        536.0
      ],
      "original_size": [
        734.0,
        536.0,
        402.0
      ],
      "weight": 1.0,
      "rotation": "zxy",
      "rotation_index": 4
    }
  ],
  "unplaced": [],
  "elapsed_ms": 0.482701
}
