{
  "campaign_version": "crosslang-1",
  "library": "gedex/bp3d",
  "commit": "0ba3dcda7ab334c19b0979b1cf1fa05e09f33bc7",
  "language": "Go",
  "toolchain": "go1.27.0",
  "algorithm": "pivot greedy",
  "scenario": "b32_b32_adversarial_order_bin-online-a:0",
  "capability_status": "SUPPORTED_NATIVE_MULTI_BIN",
  "capability_note": "THPACK9 multi-container BPP expressed with one physical Bin object per candidate container",
  "parameters": {
    "library_sort": "ascending bin volume / descending item volume",
    "physical_bin_objects": 1
  },
  "bins": [
    {
      "id": "bin-online-a:0",
      "size": [
        100,
        100,
        100
      ],
      "max_weight": 1000,
      "cost": 1
    }
  ],
  "items": [
    {
      "id": "a01",
      "size": [
        60,
        60,
        40
      ],
      "weight": 10,
      "orientation_requirement": "any"
    },
    {
      "id": "a03",
      "size": [
        60,
        40,
        40
      ],
      "weight": 10,
      "orientation_requirement": "any"
    },
    {
      "id": "a02",
      "size": [
        40,
        40,
        40
      ],
      "weight": 10,
      "orientation_requirement": "any"
    },
    {
      "id": "a05",
      "size": [
        50,
        50,
        60
      ],
      "weight": 10,
      "orientation_requirement": "any"
    }
  ],
  "placements": [
    {
      "item_id": "a01",
      "bin_id": "bin-online-a:0",
      "position": [
        50,
        0,
        0
      ],
      "size": [
        40,
        60,
        60
      ],
      "original_size": [
        60,
        60,
        40
      ],
      "weight": 10,
      "rotation": "RotationType_DHW (d,h,w)",
      "rotation_index": 3
    },
    {
      "item_id": "a02",
      "bin_id": "bin-online-a:0",
      "position": [
        0,
        50,
        0
      ],
      "size": [
        40,
        40,
        40
      ],
      "original_size": [
        40,
        40,
        40
      ],
      "weight": 10,
      "rotation": "RotationType_WHD (w,h,d)",
      "rotation_index": 0
    },
    {
      "item_id": "a03",
      "bin_id": "bin-online-a:0",
      "position": [
        50,
        60,
        0
      ],
      "size": [
        40,
        40,
        60
      ],
      "original_size": [
        60,
        40,
        40
      ],
      "weight": 10,
      "rotation": "RotationType_HDW (h,d,w)",
      "rotation_index": 2
    },
    {
      "item_id": "a05",
      "bin_id": "bin-online-a:0",
      "position": [
        0,
        0,
        0
      ],
      "size": [
        50,
        50,
        60
      ],
      "original_size": [
        50,
        50,
        60
      ],
      "weight": 10,
      "rotation": "RotationType_WHD (w,h,d)",
      "rotation_index": 0
    }
  ],
  "unplaced": [],
  "elapsed_ms": 0.001912
}
