{
  "campaign_version": "crosslang-1",
  "library": "iyulab/u-nesting",
  "commit": "8cde85b029e4ade663185dacb93fd74440af170d",
  "language": "Rust",
  "toolchain": "rustc 1.98.0 (88d9e12ae 2026-08-18)",
  "algorithm": "GeneticAlgorithm; repeated single-boundary adapter",
  "scenario": "reliability-base-64-1",
  "capability_status": "ADAPTER_MULTI_BIN",
  "capability_note": "u-nesting accepts one Boundary3D; full THPACK9 is repeated single-boundary adapter calls",
  "parameters": {
    "crossover_rate_effective": 0.85,
    "decoder": "layer_place_items",
    "max_generations_effective": 500,
    "mutation_rate_effective": 0.05,
    "population_size_effective": 100,
    "rayon_num_threads_env": "1",
    "seed_applicable": true,
    "seed_effective": false,
    "seed_requested": 42,
    "strategy_requested": "ga",
    "time_limit_effective": false,
    "time_limit_ms_requested_per_bin": 10000
  },
  "bins": [
    {
      "id": "bin-000",
      "size": [
        10.0,
        10.0,
        10.0
      ],
      "max_weight": 65.0,
      "cost": 1.0
    },
    {
      "id": "bin-001",
      "size": [
        10.0,
        10.0,
        10.0
      ],
      "max_weight": 65.0,
      "cost": 1.0
    },
    {
      "id": "bin-002",
      "size": [
        10.0,
        10.0,
        10.0
      ],
      "max_weight": 65.0,
      "cost": 1.0
    },
    {
      "id": "bin-003",
      "size": [
        10.0,
        10.0,
        10.0
      ],
      "max_weight": 65.0,
      "cost": 1.0
    },
    {
      "id": "bin-004",
      "size": [
        10.0,
        10.0,
        10.0
      ],
      "max_weight": 65.0,
      "cost": 1.0
    },
    {
      "id": "bin-005",
      "size": [
        10.0,
        10.0,
        10.0
      ],
      "max_weight": 65.0,
      "cost": 1.0
    },
    {
      "id": "bin-006",
      "size": [
        10.0,
        10.0,
        10.0
      ],
      "max_weight": 65.0,
      "cost": 1.0
    },
    {
      "id": "bin-007",
      "size": [
        10.0,
        10.0,
        10.0
      ],
      "max_weight": 65.0,
      "cost": 1.0
    }
  ],
  "items": [
    {
      "id": "cube-0",
      "size": [
        5.0,
        5.0,
        5.0
      ],
      "weight": 1.0,
      "orientation_requirement": "any"
    },
    {
      "id": "cube-1",
      "size": [
        5.0,
        5.0,
        5.0
      ],
      "weight": 1.0,
      "orientation_requirement": "any"
    },
    {
      "id": "cube-2",
      "size": [
        5.0,
        5.0,
        5.0
      ],
      "weight": 1.0,
      "orientation_requirement": "any"
    },
    {
      "id": "cube-3",
      "size": [
        5.0,
        5.0,
        5.0
      ],
      "weight": 1.0,
      "orientation_requirement": "any"
    },
    {
      "id": "cube-4",
      "size": [
        5.0,
        5.0,
        5.0
      ],
      "weight": 1.0,
      "orientation_requirement": "any"
    },
    {
      "id": "cube-5",
      "size": [
        5.0,
        5.0,
        5.0
      ],
      "weight": 1.0,
      "orientation_requirement": "any"
    },
    {
      "id": "cube-6",
      "size": [
        5.0,
        5.0,
        5.0
      ],
      "weight": 1.0,
      "orientation_requirement": "any"
    },
    {
      "id": "cube-7",
      "size": [
        5.0,
        5.0,
        5.0
      ],
      "weight": 1.0,
      "orientation_requirement": "any"
    },
    {
      "id": "cube-8",
      "size": [
        5.0,
        5.0,
        5.0
      ],
      "weight": 1.0,
      "orientation_requirement": "any"
    },
    {
      "id": "cube-9",
      "size": [
        5.0,
        5.0,
        5.0
      ],
      "weight": 1.0,
      "orientation_requirement": "any"
    },
    {
      "id": "cube-10",
      "size": [
        5.0,
        5.0,
        5.0
      ],
      "weight": 1.0,
      "orientation_requirement": "any"
    },
    {
      "id": "cube-11",
      "size": [
        5.0,
        5.0,
        5.0
      ],
      "weight": 1.0,
      "orientation_requirement": "any"
    },
    {
      "id": "cube-12",
      "size": [
        5.0,
        5.0,
        5.0
      ],
      "weight": 1.0,
      "orientation_requirement": "any"
    },
    {
      "id": "cube-13",
      "size": [
        5.0,
        5.0,
        5.0
      ],
      "weight": 1.0,
      "orientation_requirement": "any"
    },
    {
      "id": "cube-14",
      "size": [
        5.0,
        5.0,
        5.0
      ],
      "weight": 1.0,
      "orientation_requirement": "any"
    },
    {
      "id": "cube-15",
      "size": [
        5.0,
        5.0,
        5.0
      ],
      "weight": 1.0,
      "orientation_requirement": "any"
    },
    {
      "id": "cube-16",
      "size": [
        5.0,
        5.0,
        5.0
      ],
      "weight": 1.0,
      "orientation_requirement": "any"
    },
    {
      "id": "cube-17",
      "size": [
        5.0,
        5.0,
        5.0
      ],
      "weight": 1.0,
      "orientation_requirement": "any"
    },
    {
      "id": "cube-18",
      "size": [
        5.0,
        5.0,
        5.0
      ],
      "weight": 1.0,
      "orientation_requirement": "any"
    },
    {
      "id": "cube-19",
      "size": [
        5.0,
        5.0,
        5.0
      ],
      "weight": 1.0,
      "orientation_requirement": "any"
    },
    {
      "id": "cube-20",
      "size": [
        5.0,
        5.0,
        5.0
      ],
      "weight": 1.0,
      "orientation_requirement": "any"
    },
    {
      "id": "cube-21",
      "size": [
        5.0,
        5.0,
        5.0
      ],
      "weight": 1.0,
      "orientation_requirement": "any"
    },
    {
      "id": "cube-22",
      "size": [
        5.0,
        5.0,
        5.0
      ],
      "weight": 1.0,
      "orientation_requirement": "any"
    },
    {
      "id": "cube-23",
      "size": [
        5.0,
        5.0,
        5.0
      ],
      "weight": 1.0,
      "orientation_requirement": "any"
    },
    {
      "id": "cube-24",
      "size": [
        5.0,
        5.0,
        5.0
      ],
      "weight": 1.0,
      "orientation_requirement": "any"
    },
    {
      "id": "cube-25",
      "size": [
        5.0,
        5.0,
        5.0
      ],
      "weight": 1.0,
      "orientation_requirement": "any"
    },
    {
      "id": "cube-26",
      "size": [
        5.0,
        5.0,
        5.0
      ],
      "weight": 1.0,
      "orientation_requirement": "any"
    },
    {
      "id": "cube-27",
      "size": [
        5.0,
        5.0,
        5.0
      ],
      "weight": 1.0,
      "orientation_requirement": "any"
    },
    {
      "id": "cube-28",
      "size": [
        5.0,
        5.0,
        5.0
      ],
      "weight": 1.0,
      "orientation_requirement": "any"
    },
    {
      "id": "cube-29",
      "size": [
        5.0,
        5.0,
        5.0
      ],
      "weight": 1.0,
      "orientation_requirement": "any"
    },
    {
      "id": "cube-30",
      "size": [
        5.0,
        5.0,
        5.0
      ],
      "weight": 1.0,
      "orientation_requirement": "any"
    },
    {
      "id": "cube-31",
      "size": [
        5.0,
        5.0,
        5.0
      ],
      "weight": 1.0,
      "orientation_requirement": "any"
    },
    {
      "id": "cube-32",
      "size": [
        5.0,
        5.0,
        5.0
      ],
      "weight": 1.0,
      "orientation_requirement": "any"
    },
    {
      "id": "cube-33",
      "size": [
        5.0,
        5.0,
        5.0
      ],
      "weight": 1.0,
      "orientation_requirement": "any"
    },
    {
      "id": "cube-34",
      "size": [
        5.0,
        5.0,
        5.0
      ],
      "weight": 1.0,
      "orientation_requirement": "any"
    },
    {
      "id": "cube-35",
      "size": [
        5.0,
        5.0,
        5.0
      ],
      "weight": 1.0,
      "orientation_requirement": "any"
    },
    {
      "id": "cube-36",
      "size": [
        5.0,
        5.0,
        5.0
      ],
      "weight": 1.0,
      "orientation_requirement": "any"
    },
    {
      "id": "cube-37",
      "size": [
        5.0,
        5.0,
        5.0
      ],
      "weight": 1.0,
      "orientation_requirement": "any"
    },
    {
      "id": "cube-38",
      "size": [
        5.0,
        5.0,
        5.0
      ],
      "weight": 1.0,
      "orientation_requirement": "any"
    },
    {
      "id": "cube-39",
      "size": [
        5.0,
        5.0,
        5.0
      ],
      "weight": 1.0,
      "orientation_requirement": "any"
    },
    {
      "id": "cube-40",
      "size": [
        5.0,
        5.0,
        5.0
      ],
      "weight": 1.0,
      "orientation_requirement": "any"
    },
    {
      "id": "cube-41",
      "size": [
        5.0,
        5.0,
        5.0
      ],
      "weight": 1.0,
      "orientation_requirement": "any"
    },
    {
      "id": "cube-42",
      "size": [
        5.0,
        5.0,
        5.0
      ],
      "weight": 1.0,
      "orientation_requirement": "any"
    },
    {
      "id": "cube-43",
      "size": [
        5.0,
        5.0,
        5.0
      ],
      "weight": 1.0,
      "orientation_requirement": "any"
    },
    {
      "id": "cube-44",
      "size": [
        5.0,
        5.0,
        5.0
      ],
      "weight": 1.0,
      "orientation_requirement": "any"
    },
    {
      "id": "cube-45",
      "size": [
        5.0,
        5.0,
        5.0
      ],
      "weight": 1.0,
      "orientation_requirement": "any"
    },
    {
      "id": "cube-46",
      "size": [
        5.0,
        5.0,
        5.0
      ],
      "weight": 1.0,
      "orientation_requirement": "any"
    },
    {
      "id": "cube-47",
      "size": [
        5.0,
        5.0,
        5.0
      ],
      "weight": 1.0,
      "orientation_requirement": "any"
    },
    {
      "id": "cube-48",
      "size": [
        5.0,
        5.0,
        5.0
      ],
      "weight": 1.0,
      "orientation_requirement": "any"
    },
    {
      "id": "cube-49",
      "size": [
        5.0,
        5.0,
        5.0
      ],
      "weight": 1.0,
      "orientation_requirement": "any"
    },
    {
      "id": "cube-50",
      "size": [
        5.0,
        5.0,
        5.0
      ],
      "weight": 1.0,
      "orientation_requirement": "any"
    },
    {
      "id": "cube-51",
      "size": [
        5.0,
        5.0,
        5.0
      ],
      "weight": 1.0,
      "orientation_requirement": "any"
    },
    {
      "id": "cube-52",
      "size": [
        5.0,
        5.0,
        5.0
      ],
      "weight": 1.0,
      "orientation_requirement": "any"
    },
    {
      "id": "cube-53",
      "size": [
        5.0,
        5.0,
        5.0
      ],
      "weight": 1.0,
      "orientation_requirement": "any"
    },
    {
      "id": "cube-54",
      "size": [
        5.0,
        5.0,
        5.0
      ],
      "weight": 1.0,
      "orientation_requirement": "any"
    },
    {
      "id": "cube-55",
      "size": [
        5.0,
        5.0,
        5.0
      ],
      "weight": 1.0,
      "orientation_requirement": "any"
    },
    {
      "id": "cube-56",
      "size": [
        5.0,
        5.0,
        5.0
      ],
      "weight": 1.0,
      "orientation_requirement": "any"
    },
    {
      "id": "cube-57",
      "size": [
        5.0,
        5.0,
        5.0
      ],
      "weight": 1.0,
      "orientation_requirement": "any"
    },
    {
      "id": "cube-58",
      "size": [
        5.0,
        5.0,
        5.0
      ],
      "weight": 1.0,
      "orientation_requirement": "any"
    },
    {
      "id": "cube-59",
      "size": [
        5.0,
        5.0,
        5.0
      ],
      "weight": 1.0,
      "orientation_requirement": "any"
    },
    {
      "id": "cube-60",
      "size": [
        5.0,
        5.0,
        5.0
      ],
      "weight": 1.0,
      "orientation_requirement": "any"
    },
    {
      "id": "cube-61",
      "size": [
        5.0,
        5.0,
        5.0
      ],
      "weight": 1.0,
      "orientation_requirement": "any"
    },
    {
      "id": "cube-62",
      "size": [
        5.0,
        5.0,
        5.0
      ],
      "weight": 1.0,
      "orientation_requirement": "any"
    },
    {
      "id": "cube-63",
      "size": [
        5.0,
        5.0,
        5.0
      ],
      "weight": 1.0,
      "orientation_requirement": "any"
    }
  ],
  "placements": [
    {
      "item_id": "cube-41",
      "bin_id": "bin-000",
      "position": [
        0.0,
        0.0,
        0.0
      ],
      "size": [
        5.0,
        5.0,
        5.0
      ],
      "original_size": [
        5.0,
        5.0,
        5.0
      ],
      "weight": 1.0,
      "rotation": "yzx",
      "rotation_index": 3
    },
    {
      "item_id": "cube-28",
      "bin_id": "bin-000",
      "position": [
        5.0,
        0.0,
        0.0
      ],
      "size": [
        5.0,
        5.0,
        5.0
      ],
      "original_size": [
        5.0,
        5.0,
        5.0
      ],
      "weight": 1.0,
      "rotation": "yzx",
      "rotation_index": 3
    },
    {
      "item_id": "cube-6",
      "bin_id": "bin-000",
      "position": [
        0.0,
        5.0,
        0.0
      ],
      "size": [
        5.0,
        5.0,
        5.0
      ],
      "original_size": [
        5.0,
        5.0,
        5.0
      ],
      "weight": 1.0,
      "rotation": "zyx",
      "rotation_index": 5
    },
    {
      "item_id": "cube-10",
      "bin_id": "bin-000",
      "position": [
        5.0,
        5.0,
        0.0
      ],
      "size": [
        5.0,
        5.0,
        5.0
      ],
      "original_size": [
        5.0,
        5.0,
        5.0
      ],
      "weight": 1.0,
      "rotation": "xyz",
      "rotation_index": 0
    },
    {
      "item_id": "cube-18",
      "bin_id": "bin-000",
      "position": [
        0.0,
        0.0,
        5.0
      ],
      "size": [
        5.0,
        5.0,
        5.0
      ],
      "original_size": [
        5.0,
        5.0,
        5.0
      ],
      "weight": 1.0,
      "rotation": "yxz",
      "rotation_index": 2
    },
    {
      "item_id": "cube-53",
      "bin_id": "bin-000",
      "position": [
        5.0,
        0.0,
        5.0
      ],
      "size": [
        5.0,
        5.0,
        5.0
      ],
      "original_size": [
        5.0,
        5.0,
        5.0
      ],
      "weight": 1.0,
      "rotation": "zyx",
      "rotation_index": 5
    },
    {
      "item_id": "cube-33",
      "bin_id": "bin-000",
      "position": [
        0.0,
        5.0,
        5.0
      ],
      "size": [
        5.0,
        5.0,
        5.0
      ],
      "original_size": [
        5.0,
        5.0,
        5.0
      ],
      "weight": 1.0,
      "rotation": "xyz",
      "rotation_index": 0
    },
    {
      "item_id": "cube-0",
      "bin_id": "bin-000",
      "position": [
        5.0,
        5.0,
        5.0
      ],
      "size": [
        5.0,
        5.0,
        5.0
      ],
      "original_size": [
        5.0,
        5.0,
        5.0
      ],
      "weight": 1.0,
      "rotation": "xzy",
      "rotation_index": 1
    },
    {
      "item_id": "cube-21",
      "bin_id": "bin-001",
      "position": [
        0.0,
        0.0,
        0.0
      ],
      "size": [
        5.0,
        5.0,
        5.0
      ],
      "original_size": [
        5.0,
        5.0,
        5.0
      ],
      "weight": 1.0,
      "rotation": "zyx",
      "rotation_index": 5
    },
    {
      "item_id": "cube-60",
      "bin_id": "bin-001",
      "position": [
        5.0,
        0.0,
        0.0
      ],
      "size": [
        5.0,
        5.0,
        5.0
      ],
      "original_size": [
        5.0,
        5.0,
        5.0
      ],
      "weight": 1.0,
      "rotation": "xyz",
      "rotation_index": 0
    },
    {
      "item_id": "cube-39",
      "bin_id": "bin-001",
      "position": [
        0.0,
        5.0,
        0.0
      ],
      "size": [
        5.0,
        5.0,
        5.0
      ],
      "original_size": [
        5.0,
        5.0,
        5.0
      ],
      "weight": 1.0,
      "rotation": "xyz",
      "rotation_index": 0
    },
    {
      "item_id": "cube-3",
      "bin_id": "bin-001",
      "position": [
        5.0,
        5.0,
        0.0
      ],
      "size": [
        5.0,
        5.0,
        5.0
      ],
      "original_size": [
        5.0,
        5.0,
        5.0
      ],
      "weight": 1.0,
      "rotation": "yzx",
      "rotation_index": 3
    },
    {
      "item_id": "cube-54",
      "bin_id": "bin-001",
      "position": [
        0.0,
        0.0,
        5.0
      ],
      "size": [
        5.0,
        5.0,
        5.0
      ],
      "original_size": [
        5.0,
        5.0,
        5.0
      ],
      "weight": 1.0,
      "rotation": "zyx",
      "rotation_index": 5
    },
    {
      "item_id": "cube-15",
      "bin_id": "bin-001",
      "position": [
        5.0,
        0.0,
        5.0
      ],
      "size": [
        5.0,
        5.0,
        5.0
      ],
      "original_size": [
        5.0,
        5.0,
        5.0
      ],
      "weight": 1.0,
      "rotation": "xzy",
      "rotation_index": 1
    },
    {
      "item_id": "cube-20",
      "bin_id": "bin-001",
      "position": [
        0.0,
        5.0,
        5.0
      ],
      "size": [
        5.0,
        5.0,
        5.0
      ],
      "original_size": [
        5.0,
        5.0,
        5.0
      ],
      "weight": 1.0,
      "rotation": "xzy",
      "rotation_index": 1
    },
    {
      "item_id": "cube-12",
      "bin_id": "bin-001",
      "position": [
        5.0,
        5.0,
        5.0
      ],
      "size": [
        5.0,
        5.0,
        5.0
      ],
      "original_size": [
        5.0,
        5.0,
        5.0
      ],
      "weight": 1.0,
      "rotation": "zxy",
      "rotation_index": 4
    },
    {
      "item_id": "cube-37",
      "bin_id": "bin-002",
      "position": [
        0.0,
        0.0,
        0.0
      ],
      "size": [
        5.0,
        5.0,
        5.0
      ],
      "original_size": [
        5.0,
        5.0,
        5.0
      ],
      "weight": 1.0,
      "rotation": "zyx",
      "rotation_index": 5
    },
    {
      "item_id": "cube-47",
      "bin_id": "bin-002",
      "position": [
        5.0,
        0.0,
        0.0
      ],
      "size": [
        5.0,
        5.0,
        5.0
      ],
      "original_size": [
        5.0,
        5.0,
        5.0
      ],
      "weight": 1.0,
      "rotation": "xyz",
      "rotation_index": 0
    },
    {
      "item_id": "cube-27",
      "bin_id": "bin-002",
      "position": [
        0.0,
        5.0,
        0.0
      ],
      "size": [
        5.0,
        5.0,
        5.0
      ],
      "original_size": [
        5.0,
        5.0,
        5.0
      ],
      "weight": 1.0,
      "rotation": "zxy",
      "rotation_index": 4
    },
    {
      "item_id": "cube-32",
      "bin_id": "bin-002",
      "position": [
        5.0,
        5.0,
        0.0
      ],
      "size": [
        5.0,
        5.0,
        5.0
      ],
      "original_size": [
        5.0,
        5.0,
        5.0
      ],
      "weight": 1.0,
      "rotation": "xzy",
      "rotation_index": 1
    },
    {
      "item_id": "cube-43",
      "bin_id": "bin-002",
      "position": [
        0.0,
        0.0,
        5.0
      ],
      "size": [
        5.0,
        5.0,
        5.0
      ],
      "original_size": [
        5.0,
        5.0,
        5.0
      ],
      "weight": 1.0,
      "rotation": "yzx",
      "rotation_index": 3
    },
    {
      "item_id": "cube-49",
      "bin_id": "bin-002",
      "position": [
        5.0,
        0.0,
        5.0
      ],
      "size": [
        5.0,
        5.0,
        5.0
      ],
      "original_size": [
        5.0,
        5.0,
        5.0
      ],
      "weight": 1.0,
      "rotation": "yzx",
      "rotation_index": 3
    },
    {
      "item_id": "cube-40",
      "bin_id": "bin-002",
      "position": [
        0.0,
        5.0,
        5.0
      ],
      "size": [
        5.0,
        5.0,
        5.0
      ],
      "original_size": [
        5.0,
        5.0,
        5.0
      ],
      "weight": 1.0,
      "rotation": "zyx",
      "rotation_index": 5
    },
    {
      "item_id": "cube-1",
      "bin_id": "bin-002",
      "position": [
        5.0,
        5.0,
        5.0
      ],
      "size": [
        5.0,
        5.0,
        5.0
      ],
      "original_size": [
        5.0,
        5.0,
        5.0
      ],
      "weight": 1.0,
      "rotation": "xzy",
      "rotation_index": 1
    },
    {
      "item_id": "cube-38",
      "bin_id": "bin-003",
      "position": [
        0.0,
        0.0,
        0.0
      ],
      "size": [
        5.0,
        5.0,
        5.0
      ],
      "original_size": [
        5.0,
        5.0,
        5.0
      ],
      "weight": 1.0,
      "rotation": "xzy",
      "rotation_index": 1
    },
    {
      "item_id": "cube-34",
      "bin_id": "bin-003",
      "position": [
        5.0,
        0.0,
        0.0
      ],
      "size": [
        5.0,
        5.0,
        5.0
      ],
      "original_size": [
        5.0,
        5.0,
        5.0
      ],
      "weight": 1.0,
      "rotation": "xyz",
      "rotation_index": 0
    },
    {
      "item_id": "cube-25",
      "bin_id": "bin-003",
      "position": [
        0.0,
        5.0,
        0.0
      ],
      "size": [
        5.0,
        5.0,
        5.0
      ],
      "original_size": [
        5.0,
        5.0,
        5.0
      ],
      "weight": 1.0,
      "rotation": "zyx",
      "rotation_index": 5
    },
    {
      "item_id": "cube-59",
      "bin_id": "bin-003",
      "position": [
        5.0,
        5.0,
        0.0
      ],
      "size": [
        5.0,
        5.0,
        5.0
      ],
      "original_size": [
        5.0,
        5.0,
        5.0
      ],
      "weight": 1.0,
      "rotation": "zxy",
      "rotation_index": 4
    },
    {
      "item_id": "cube-13",
      "bin_id": "bin-003",
      "position": [
        0.0,
        0.0,
        5.0
      ],
      "size": [
        5.0,
        5.0,
        5.0
      ],
      "original_size": [
        5.0,
        5.0,
        5.0
      ],
      "weight": 1.0,
      "rotation": "yxz",
      "rotation_index": 2
    },
    {
      "item_id": "cube-4",
      "bin_id": "bin-003",
      "position": [
        5.0,
        0.0,
        5.0
      ],
      "size": [
        5.0,
        5.0,
        5.0
      ],
      "original_size": [
        5.0,
        5.0,
        5.0
      ],
      "weight": 1.0,
      "rotation": "zyx",
      "rotation_index": 5
    },
    {
      "item_id": "cube-44",
      "bin_id": "bin-003",
      "position": [
        0.0,
        5.0,
        5.0
      ],
      "size": [
        5.0,
        5.0,
        5.0
      ],
      "original_size": [
        5.0,
        5.0,
        5.0
      ],
      "weight": 1.0,
      "rotation": "zxy",
      "rotation_index": 4
    },
    {
      "item_id": "cube-14",
      "bin_id": "bin-003",
      "position": [
        5.0,
        5.0,
        5.0
      ],
      "size": [
        5.0,
        5.0,
        5.0
      ],
      "original_size": [
        5.0,
        5.0,
        5.0
      ],
      "weight": 1.0,
      "rotation": "yzx",
      "rotation_index": 3
    },
    {
      "item_id": "cube-5",
      "bin_id": "bin-004",
      "position": [
        0.0,
        0.0,
        0.0
      ],
      "size": [
        5.0,
        5.0,
        5.0
      ],
      "original_size": [
        5.0,
        5.0,
        5.0
      ],
      "weight": 1.0,
      "rotation": "xyz",
      "rotation_index": 0
    },
    {
      "item_id": "cube-62",
      "bin_id": "bin-004",
      "position": [
        5.0,
        0.0,
        0.0
      ],
      "size": [
        5.0,
        5.0,
        5.0
      ],
      "original_size": [
        5.0,
        5.0,
        5.0
      ],
      "weight": 1.0,
      "rotation": "yzx",
      "rotation_index": 3
    },
    {
      "item_id": "cube-57",
      "bin_id": "bin-004",
      "position": [
        0.0,
        5.0,
        0.0
      ],
      "size": [
        5.0,
        5.0,
        5.0
      ],
      "original_size": [
        5.0,
        5.0,
        5.0
      ],
      "weight": 1.0,
      "rotation": "zyx",
      "rotation_index": 5
    },
    {
      "item_id": "cube-46",
      "bin_id": "bin-004",
      "position": [
        5.0,
        5.0,
        0.0
      ],
      "size": [
        5.0,
        5.0,
        5.0
      ],
      "original_size": [
        5.0,
        5.0,
        5.0
      ],
      "weight": 1.0,
      "rotation": "xzy",
      "rotation_index": 1
    },
    {
      "item_id": "cube-36",
      "bin_id": "bin-004",
      "position": [
        0.0,
        0.0,
        5.0
      ],
      "size": [
        5.0,
        5.0,
        5.0
      ],
      "original_size": [
        5.0,
        5.0,
        5.0
      ],
      "weight": 1.0,
      "rotation": "xyz",
      "rotation_index": 0
    },
    {
      "item_id": "cube-35",
      "bin_id": "bin-004",
      "position": [
        5.0,
        0.0,
        5.0
      ],
      "size": [
        5.0,
        5.0,
        5.0
      ],
      "original_size": [
        5.0,
        5.0,
        5.0
      ],
      "weight": 1.0,
      "rotation": "xzy",
      "rotation_index": 1
    },
    {
      "item_id": "cube-51",
      "bin_id": "bin-004",
      "position": [
        0.0,
        5.0,
        5.0
      ],
      "size": [
        5.0,
        5.0,
        5.0
      ],
      "original_size": [
        5.0,
        5.0,
        5.0
      ],
      "weight": 1.0,
      "rotation": "yxz",
      "rotation_index": 2
    },
    {
      "item_id": "cube-31",
      "bin_id": "bin-004",
      "position": [
        5.0,
        5.0,
        5.0
      ],
      "size": [
        5.0,
        5.0,
        5.0
      ],
      "original_size": [
        5.0,
        5.0,
        5.0
      ],
      "weight": 1.0,
      "rotation": "xzy",
      "rotation_index": 1
    },
    {
      "item_id": "cube-48",
      "bin_id": "bin-005",
      "position": [
        0.0,
        0.0,
        0.0
      ],
      "size": [
        5.0,
        5.0,
        5.0
      ],
      "original_size": [
        5.0,
        5.0,
        5.0
      ],
      "weight": 1.0,
      "rotation": "zyx",
      "rotation_index": 5
    },
    {
      "item_id": "cube-45",
      "bin_id": "bin-005",
      "position": [
        5.0,
        0.0,
        0.0
      ],
      "size": [
        5.0,
        5.0,
        5.0
      ],
      "original_size": [
        5.0,
        5.0,
        5.0
      ],
      "weight": 1.0,
      "rotation": "xzy",
      "rotation_index": 1
    },
    {
      "item_id": "cube-2",
      "bin_id": "bin-005",
      "position": [
        0.0,
        5.0,
        0.0
      ],
      "size": [
        5.0,
        5.0,
        5.0
      ],
      "original_size": [
        5.0,
        5.0,
        5.0
      ],
      "weight": 1.0,
      "rotation": "zyx",
      "rotation_index": 5
    },
    {
      "item_id": "cube-42",
      "bin_id": "bin-005",
      "position": [
        5.0,
        5.0,
        0.0
      ],
      "size": [
        5.0,
        5.0,
        5.0
      ],
      "original_size": [
        5.0,
        5.0,
        5.0
      ],
      "weight": 1.0,
      "rotation": "xzy",
      "rotation_index": 1
    },
    {
      "item_id": "cube-17",
      "bin_id": "bin-005",
      "position": [
        0.0,
        0.0,
        5.0
      ],
      "size": [
        5.0,
        5.0,
        5.0
      ],
      "original_size": [
        5.0,
        5.0,
        5.0
      ],
      "weight": 1.0,
      "rotation": "yzx",
      "rotation_index": 3
    },
    {
      "item_id": "cube-30",
      "bin_id": "bin-005",
      "position": [
        5.0,
        0.0,
        5.0
      ],
      "size": [
        5.0,
        5.0,
        5.0
      ],
      "original_size": [
        5.0,
        5.0,
        5.0
      ],
      "weight": 1.0,
      "rotation": "yzx",
      "rotation_index": 3
    },
    {
      "item_id": "cube-61",
      "bin_id": "bin-005",
      "position": [
        0.0,
        5.0,
        5.0
      ],
      "size": [
        5.0,
        5.0,
        5.0
      ],
      "original_size": [
        5.0,
        5.0,
        5.0
      ],
      "weight": 1.0,
      "rotation": "xyz",
      "rotation_index": 0
    },
    {
      "item_id": "cube-8",
      "bin_id": "bin-005",
      "position": [
        5.0,
        5.0,
        5.0
      ],
      "size": [
        5.0,
        5.0,
        5.0
      ],
      "original_size": [
        5.0,
        5.0,
        5.0
      ],
      "weight": 1.0,
      "rotation": "zyx",
      "rotation_index": 5
    },
    {
      "item_id": "cube-55",
      "bin_id": "bin-006",
      "position": [
        0.0,
        0.0,
        0.0
      ],
      "size": [
        5.0,
        5.0,
        5.0
      ],
      "original_size": [
        5.0,
        5.0,
        5.0
      ],
      "weight": 1.0,
      "rotation": "yxz",
      "rotation_index": 2
    },
    {
      "item_id": "cube-11",
      "bin_id": "bin-006",
      "position": [
        5.0,
        0.0,
        0.0
      ],
      "size": [
        5.0,
        5.0,
        5.0
      ],
      "original_size": [
        5.0,
        5.0,
        5.0
      ],
      "weight": 1.0,
      "rotation": "zyx",
      "rotation_index": 5
    },
    {
      "item_id": "cube-52",
      "bin_id": "bin-006",
      "position": [
        0.0,
        5.0,
        0.0
      ],
      "size": [
        5.0,
        5.0,
        5.0
      ],
      "original_size": [
        5.0,
        5.0,
        5.0
      ],
      "weight": 1.0,
      "rotation": "yzx",
      "rotation_index": 3
    },
    {
      "item_id": "cube-50",
      "bin_id": "bin-006",
      "position": [
        5.0,
        5.0,
        0.0
      ],
      "size": [
        5.0,
        5.0,
        5.0
      ],
      "original_size": [
        5.0,
        5.0,
        5.0
      ],
      "weight": 1.0,
      "rotation": "zyx",
      "rotation_index": 5
    },
    {
      "item_id": "cube-56",
      "bin_id": "bin-006",
      "position": [
        0.0,
        0.0,
        5.0
      ],
      "size": [
        5.0,
        5.0,
        5.0
      ],
      "original_size": [
        5.0,
        5.0,
        5.0
      ],
      "weight": 1.0,
      "rotation": "zyx",
      "rotation_index": 5
    },
    {
      "item_id": "cube-22",
      "bin_id": "bin-006",
      "position": [
        5.0,
        0.0,
        5.0
      ],
      "size": [
        5.0,
        5.0,
        5.0
      ],
      "original_size": [
        5.0,
        5.0,
        5.0
      ],
      "weight": 1.0,
      "rotation": "zxy",
      "rotation_index": 4
    },
    {
      "item_id": "cube-7",
      "bin_id": "bin-006",
      "position": [
        0.0,
        5.0,
        5.0
      ],
      "size": [
        5.0,
        5.0,
        5.0
      ],
      "original_size": [
        5.0,
        5.0,
        5.0
      ],
      "weight": 1.0,
      "rotation": "xyz",
      "rotation_index": 0
    },
    {
      "item_id": "cube-26",
      "bin_id": "bin-006",
      "position": [
        5.0,
        5.0,
        5.0
      ],
      "size": [
        5.0,
        5.0,
        5.0
      ],
      "original_size": [
        5.0,
        5.0,
        5.0
      ],
      "weight": 1.0,
      "rotation": "xyz",
      "rotation_index": 0
    },
    {
      "item_id": "cube-58",
      "bin_id": "bin-007",
      "position": [
        0.0,
        0.0,
        0.0
      ],
      "size": [
        5.0,
        5.0,
        5.0
      ],
      "original_size": [
        5.0,
        5.0,
        5.0
      ],
      "weight": 1.0,
      "rotation": "xzy",
      "rotation_index": 1
    },
    {
      "item_id": "cube-9",
      "bin_id": "bin-007",
      "position": [
        5.0,
        0.0,
        0.0
      ],
      "size": [
        5.0,
        5.0,
        5.0
      ],
      "original_size": [
        5.0,
        5.0,
        5.0
      ],
      "weight": 1.0,
      "rotation": "yxz",
      "rotation_index": 2
    },
    {
      "item_id": "cube-29",
      "bin_id": "bin-007",
      "position": [
        0.0,
        5.0,
        0.0
      ],
      "size": [
        5.0,
        5.0,
        5.0
      ],
      "original_size": [
        5.0,
        5.0,
        5.0
      ],
      "weight": 1.0,
      "rotation": "zxy",
      "rotation_index": 4
    },
    {
      "item_id": "cube-24",
      "bin_id": "bin-007",
      "position": [
        5.0,
        5.0,
        0.0
      ],
      "size": [
        5.0,
        5.0,
        5.0
      ],
      "original_size": [
        5.0,
        5.0,
        5.0
      ],
      "weight": 1.0,
      "rotation": "xyz",
      "rotation_index": 0
    },
    {
      "item_id": "cube-16",
      "bin_id": "bin-007",
      "position": [
        0.0,
        0.0,
        5.0
      ],
      "size": [
        5.0,
        5.0,
        5.0
      ],
      "original_size": [
        5.0,
        5.0,
        5.0
      ],
      "weight": 1.0,
      "rotation": "xyz",
      "rotation_index": 0
    },
    {
      "item_id": "cube-23",
      "bin_id": "bin-007",
      "position": [
        5.0,
        0.0,
        5.0
      ],
      "size": [
        5.0,
        5.0,
        5.0
      ],
      "original_size": [
        5.0,
        5.0,
        5.0
      ],
      "weight": 1.0,
      "rotation": "yzx",
      "rotation_index": 3
    },
    {
      "item_id": "cube-19",
      "bin_id": "bin-007",
      "position": [
        0.0,
        5.0,
        5.0
      ],
      "size": [
        5.0,
        5.0,
        5.0
      ],
      "original_size": [
        5.0,
        5.0,
        5.0
      ],
      "weight": 1.0,
      "rotation": "zxy",
      "rotation_index": 4
    },
    {
      "item_id": "cube-63",
      "bin_id": "bin-007",
      "position": [
        5.0,
        5.0,
        5.0
      ],
      "size": [
        5.0,
        5.0,
        5.0
      ],
      "original_size": [
        5.0,
        5.0,
        5.0
      ],
      "weight": 1.0,
      "rotation": "xyz",
      "rotation_index": 0
    }
  ],
  "unplaced": [],
  "elapsed_ms": 68.76838000000001
}
