{
  "campaign_version": "crosslang-1",
  "library": "iyulab/u-nesting",
  "commit": "8cde85b029e4ade663185dacb93fd74440af170d",
  "language": "Rust",
  "toolchain": "rustc 1.98.0 (88d9e12ae 2026-08-18)",
  "algorithm": "ExtremePoint; repeated single-boundary adapter",
  "scenario": "b32_b32_adversarial_order_bin-online-a:1",
  "capability_status": "ADAPTER_MULTI_BIN",
  "capability_note": "u-nesting accepts one Boundary3D; full THPACK9 is repeated single-boundary adapter calls",
  "parameters": {
    "placement_rule": "first feasible orientation at first feasible extreme point",
    "rayon_num_threads_env": "1",
    "seed_applicable": false,
    "seed_effective": false,
    "seed_requested": 42,
    "strategy_requested": "extremepoint",
    "time_limit_effective": false,
    "time_limit_ms_requested_per_bin": 10000
  },
  "bins": [
    {
      "id": "bin-online-a:1",
      "size": [
        100.0,
        100.0,
        100.0
      ],
      "max_weight": 1000.0,
      "cost": 1.0
    }
  ],
  "items": [
    {
      "id": "a07",
      "size": [
        70.0,
        70.0,
        70.0
      ],
      "weight": 10.0,
      "orientation_requirement": "any"
    },
    {
      "id": "a08",
      "size": [
        70.0,
        70.0,
        70.0
      ],
      "weight": 10.0,
      "orientation_requirement": "any"
    }
  ],
  "placements": [
    {
      "item_id": "a07",
      "bin_id": "bin-online-a:1",
      "position": [
        0.0,
        0.0,
        0.0
      ],
      "size": [
        70.0,
        70.0,
        70.0
      ],
      "original_size": [
        70.0,
        70.0,
        70.0
      ],
      "weight": 10.0,
      "rotation": "xyz",
      "rotation_index": 0
    }
  ],
  "unplaced": [
    "a08"
  ],
  "elapsed_ms": 0.011552999999999999
}
