{
  "campaign_version": "crosslang-1",
  "library": "gedex/bp3d",
  "commit": "0ba3dcda7ab334c19b0979b1cf1fa05e09f33bc7",
  "language": "Go",
  "toolchain": "go1.27.0",
  "algorithm": "pivot greedy",
  "scenario": "B09-LARGE_CHEAPER",
  "capability_status": "SUPPORTED_NATIVE_MULTI_BIN",
  "capability_note": "THPACK9 multi-container BPP expressed with one physical Bin object per candidate container",
  "parameters": {
    "library_sort": "ascending bin volume / descending item volume",
    "physical_bin_objects": 1
  },
  "bins": [
    {
      "id": "1:0",
      "size": [
        12,
        5,
        5
      ],
      "max_weight": 100,
      "cost": 10
    }
  ],
  "items": [
    {
      "id": "0:0",
      "size": [
        6,
        5,
        5
      ],
      "weight": 1,
      "orientation_requirement": "any"
    },
    {
      "id": "0:1",
      "size": [
        6,
        5,
        5
      ],
      "weight": 1,
      "orientation_requirement": "any"
    }
  ],
  "placements": [
    {
      "item_id": "0:0",
      "bin_id": "1:0",
      "position": [
        0,
        0,
        0
      ],
      "size": [
        6,
        5,
        5
      ],
      "original_size": [
        6,
        5,
        5
      ],
      "weight": 1,
      "rotation": "RotationType_WHD (w,h,d)",
      "rotation_index": 0
    },
    {
      "item_id": "0:1",
      "bin_id": "1:0",
      "position": [
        6,
        0,
        0
      ],
      "size": [
        6,
        5,
        5
      ],
      "original_size": [
        6,
        5,
        5
      ],
      "weight": 1,
      "rotation": "RotationType_WHD (w,h,d)",
      "rotation_index": 0
    }
  ],
  "unplaced": [],
  "elapsed_ms": 0.001441
}
