{
  "campaign_version": "crosslang-1",
  "library": "iyulab/u-nesting",
  "commit": "8cde85b029e4ade663185dacb93fd74440af170d",
  "language": "Rust",
  "toolchain": "rustc 1.98.0 (88d9e12ae 2026-08-18)",
  "algorithm": "SimulatedAnnealing; repeated single-boundary adapter",
  "scenario": "reliability-renamed-8-1",
  "capability_status": "ADAPTER_MULTI_BIN",
  "capability_note": "u-nesting accepts one Boundary3D; full THPACK9 is repeated single-boundary adapter calls",
  "parameters": {
    "cooling_rate_effective": 0.95,
    "decoder": "layer_place_items",
    "final_temperature_effective": 0.1,
    "initial_temperature_effective": 100.0,
    "iterations_per_temperature_effective": 50,
    "max_iterations_effective": 10000,
    "rayon_num_threads_env": "1",
    "seed_applicable": true,
    "seed_effective": false,
    "seed_requested": 42,
    "strategy_requested": "sa",
    "time_limit_effective": false,
    "time_limit_ms_requested_per_bin": 10000
  },
  "bins": [
    {
      "id": "bin-000",
      "size": [
        10.0,
        10.0,
        10.0
      ],
      "max_weight": 9.0,
      "cost": 1.0
    }
  ],
  "items": [
    {
      "id": "renamed-0",
      "size": [
        5.0,
        5.0,
        5.0
      ],
      "weight": 1.0,
      "orientation_requirement": "any"
    },
    {
      "id": "renamed-1",
      "size": [
        5.0,
        5.0,
        5.0
      ],
      "weight": 1.0,
      "orientation_requirement": "any"
    },
    {
      "id": "renamed-2",
      "size": [
        5.0,
        5.0,
        5.0
      ],
      "weight": 1.0,
      "orientation_requirement": "any"
    },
    {
      "id": "renamed-3",
      "size": [
        5.0,
        5.0,
        5.0
      ],
      "weight": 1.0,
      "orientation_requirement": "any"
    },
    {
      "id": "renamed-4",
      "size": [
        5.0,
        5.0,
        5.0
      ],
      "weight": 1.0,
      "orientation_requirement": "any"
    },
    {
      "id": "renamed-5",
      "size": [
        5.0,
        5.0,
        5.0
      ],
      "weight": 1.0,
      "orientation_requirement": "any"
    },
    {
      "id": "renamed-6",
      "size": [
        5.0,
        5.0,
        5.0
      ],
      "weight": 1.0,
      "orientation_requirement": "any"
    },
    {
      "id": "renamed-7",
      "size": [
        5.0,
        5.0,
        5.0
      ],
      "weight": 1.0,
      "orientation_requirement": "any"
    }
  ],
  "placements": [
    {
      "item_id": "renamed-0",
      "bin_id": "bin-000",
      "position": [
        0.0,
        0.0,
        0.0
      ],
      "size": [
        5.0,
        5.0,
        5.0
      ],
      "original_size": [
        5.0,
        5.0,
        5.0
      ],
      "weight": 1.0,
      "rotation": "zyx",
      "rotation_index": 5
    },
    {
      "item_id": "renamed-7",
      "bin_id": "bin-000",
      "position": [
        5.0,
        0.0,
        0.0
      ],
      "size": [
        5.0,
        5.0,
        5.0
      ],
      "original_size": [
        5.0,
        5.0,
        5.0
      ],
      "weight": 1.0,
      "rotation": "yzx",
      "rotation_index": 3
    },
    {
      "item_id": "renamed-2",
      "bin_id": "bin-000",
      "position": [
        0.0,
        5.0,
        0.0
      ],
      "size": [
        5.0,
        5.0,
        5.0
      ],
      "original_size": [
        5.0,
        5.0,
        5.0
      ],
      "weight": 1.0,
      "rotation": "zyx",
      "rotation_index": 5
    },
    {
      "item_id": "renamed-4",
      "bin_id": "bin-000",
      "position": [
        5.0,
        5.0,
        0.0
      ],
      "size": [
        5.0,
        5.0,
        5.0
      ],
      "original_size": [
        5.0,
        5.0,
        5.0
      ],
      "weight": 1.0,
      "rotation": "zxy",
      "rotation_index": 4
    },
    {
      "item_id": "renamed-6",
      "bin_id": "bin-000",
      "position": [
        0.0,
        0.0,
        5.0
      ],
      "size": [
        5.0,
        5.0,
        5.0
      ],
      "original_size": [
        5.0,
        5.0,
        5.0
      ],
      "weight": 1.0,
      "rotation": "xyz",
      "rotation_index": 0
    },
    {
      "item_id": "renamed-5",
      "bin_id": "bin-000",
      "position": [
        5.0,
        0.0,
        5.0
      ],
      "size": [
        5.0,
        5.0,
        5.0
      ],
      "original_size": [
        5.0,
        5.0,
        5.0
      ],
      "weight": 1.0,
      "rotation": "yxz",
      "rotation_index": 2
    },
    {
      "item_id": "renamed-1",
      "bin_id": "bin-000",
      "position": [
        0.0,
        5.0,
        5.0
      ],
      "size": [
        5.0,
        5.0,
        5.0
      ],
      "original_size": [
        5.0,
        5.0,
        5.0
      ],
      "weight": 1.0,
      "rotation": "yxz",
      "rotation_index": 2
    },
    {
      "item_id": "renamed-3",
      "bin_id": "bin-000",
      "position": [
        5.0,
        5.0,
        5.0
      ],
      "size": [
        5.0,
        5.0,
        5.0
      ],
      "original_size": [
        5.0,
        5.0,
        5.0
      ],
      "weight": 1.0,
      "rotation": "xzy",
      "rotation_index": 1
    }
  ],
  "unplaced": [],
  "elapsed_ms": 5.733893
}
