{
  "campaign_version": "crosslang-1",
  "library": "iyulab/u-nesting",
  "commit": "8cde85b029e4ade663185dacb93fd74440af170d",
  "language": "Rust",
  "toolchain": "rustc 1.98.0 (88d9e12ae 2026-08-18)",
  "algorithm": "GeneticAlgorithm; repeated single-boundary adapter",
  "scenario": "b32_b32_adversarial_order_bin-online-a:2",
  "capability_status": "ADAPTER_MULTI_BIN",
  "capability_note": "u-nesting accepts one Boundary3D; full THPACK9 is repeated single-boundary adapter calls",
  "parameters": {
    "crossover_rate_effective": 0.85,
    "decoder": "layer_place_items",
    "max_generations_effective": 500,
    "mutation_rate_effective": 0.05,
    "population_size_effective": 100,
    "rayon_num_threads_env": "1",
    "seed_applicable": true,
    "seed_effective": false,
    "seed_requested": 42,
    "strategy_requested": "ga",
    "time_limit_effective": false,
    "time_limit_ms_requested_per_bin": 10000
  },
  "bins": [
    {
      "id": "bin-online-a:2",
      "size": [
        100.0,
        100.0,
        100.0
      ],
      "max_weight": 1000.0,
      "cost": 1.0
    }
  ],
  "items": [
    {
      "id": "a05",
      "size": [
        50.0,
        50.0,
        60.0
      ],
      "weight": 10.0,
      "orientation_requirement": "any"
    }
  ],
  "placements": [
    {
      "item_id": "a05",
      "bin_id": "bin-online-a:2",
      "position": [
        0.0,
        0.0,
        0.0
      ],
      "size": [
        60.0,
        50.0,
        50.0
      ],
      "original_size": [
        50.0,
        50.0,
        60.0
      ],
      "weight": 10.0,
      "rotation": "zyx",
      "rotation_index": 5
    }
  ],
  "unplaced": [],
  "elapsed_ms": 1.07243
}
