{
  "campaign_version": "crosslang-1",
  "library": "gedex/bp3d",
  "commit": "0ba3dcda7ab334c19b0979b1cf1fa05e09f33bc7",
  "language": "Go",
  "toolchain": "go1.27.0",
  "algorithm": "pivot greedy",
  "scenario": "b31_weight_infeasible",
  "capability_status": "SUPPORTED_NATIVE_MULTI_BIN",
  "capability_note": "THPACK9 multi-container BPP expressed with one physical Bin object per candidate container",
  "parameters": {
    "library_sort": "ascending bin volume / descending item volume",
    "physical_bin_objects": 1
  },
  "bins": [
    {
      "id": "pallet-light",
      "size": [
        1800,
        1200,
        1200
      ],
      "max_weight": 40,
      "cost": 1
    }
  ],
  "items": [
    {
      "id": "A:0",
      "size": [
        600,
        600,
        400
      ],
      "weight": 25,
      "orientation_requirement": "any"
    },
    {
      "id": "A:1",
      "size": [
        600,
        600,
        400
      ],
      "weight": 25,
      "orientation_requirement": "any"
    },
    {
      "id": "B:0",
      "size": [
        600,
        600,
        400
      ],
      "weight": 25,
      "orientation_requirement": "any"
    }
  ],
  "placements": [
    {
      "item_id": "A:0",
      "bin_id": "pallet-light",
      "position": [
        0,
        0,
        0
      ],
      "size": [
        600,
        600,
        400
      ],
      "original_size": [
        600,
        600,
        400
      ],
      "weight": 25,
      "rotation": "RotationType_WHD (w,h,d)",
      "rotation_index": 0
    },
    {
      "item_id": "A:1",
      "bin_id": "pallet-light",
      "position": [
        600,
        0,
        0
      ],
      "size": [
        600,
        600,
        400
      ],
      "original_size": [
        600,
        600,
        400
      ],
      "weight": 25,
      "rotation": "RotationType_WHD (w,h,d)",
      "rotation_index": 0
    },
    {
      "item_id": "B:0",
      "bin_id": "pallet-light",
      "position": [
        1200,
        0,
        0
      ],
      "size": [
        600,
        600,
        400
      ],
      "original_size": [
        600,
        600,
        400
      ],
      "weight": 25,
      "rotation": "RotationType_WHD (w,h,d)",
      "rotation_index": 0
    }
  ],
  "unplaced": [],
  "elapsed_ms": 0.001679
}
